Microchip MPLAB XC8 Compiler V3.10

Linker command line:

-W-3 \
  --edf=C:\Program Files\Microchip\xc8\v3.10\pic\dat\20250813170317_en.msgs \
  -cn -h+dist/default/production\DISPLAY.X.production.sym \
  --cmf=dist/default/production\DISPLAY.X.production.cmf -z -Q16F886 \
  -oC:\Users\ELCOT\AppData\Local\Temp\xcAshu4.0\driver_tmp_3.o \
  --defsym=__MPLAB_BUILD=1 --fixupoverflow=error \
  -Mdist/default/production/DISPLAY.X.production.map \
  --md=C:\Users\ELCOT\AppData\Local\Temp\xcAshu4.0\driver_tmp_0.dat -E1 \
  -ver=XC8 Compiler -ACODE=00h-07FFhx4 -ASTRCODE=00h-01FFFh \
  -ASTRING=00h-0FFhx32 -ACONST=00h-0FFhx32 -AENTRY=00h-0FFhx32 \
  -ACOMMON=070h-07Fh -ABANK0=020h-06Fh -ABANK1=0A0h-0EFh \
  -ABANK2=0110h-016Fh -ABANK3=0190h-01EFh \
  -ARAM=020h-06Fh,0A0h-0EFh,0110h-016Fh,0190h-01EFh \
  -AABS1=020h-07Fh,0A0h-0EFh,0110h-016Fh,0190h-01EFh -ASFR0=00h-01Fh \
  -ASFR1=080h-09Fh -ASFR2=0100h-010Fh -ASFR3=0180h-018Fh \
  -ACONFIG=02007h-02008h -DCONFIG=2 -AIDLOC=02000h-02003h -DIDLOC=2 \
  -AEEDATA=00h-0FFh/02100h -peeprom_data=EEDATA -DEEDATA=2 -DCODE=2 \
  -DSTRCODE=2 -DSTRING=2 -DCONST=2 -DENTRY=2 \
  -preset_vec=00h,intentry=04h,sivt,init,end_init -ppowerup=CODE \
  -pcinit=CODE -pfunctab=ENTRY -k \
  C:\Users\ELCOT\AppData\Local\Temp\xcAshu4.0\driver_tmp_12.o \
  dist/default/production\DISPLAY.X.production.o 

Object code version is 3.11

Machine type is 16F886



                Name                               Link     Load   Length Selector   Space Scale
C:\Users\ELCOT\AppData\Local\Temp\xcAshu4.0\driver_tmp_12.o
                end_init                              C        C        3        8       0
                reset_vec                             0        0        3        0       0
                config                             2007     2007        2        0       4
dist/default/production\DISPLAY.X.production.o
                cinit                                 F        F       32        8       0
                intentry                              4        4        8        8       0
                config                             2007     2007        2        0       4
                text22                              7AD      7AD       40        8       0
                text21                             11A4     11A4       5B     2348       0
                text20                             1110     1110       1F     2220       0
                text19                             1636     1636      1CA     2C6C       0
                text18                             117B     117B       29     22F6       0
                text17                              838      838      342     1070       0
                text16                             13EC     13EC       B6     27D8       0
                text15                             1153     1153       28     22A6       0
                text14                             14A2     14A2       CA     2944       0
                text13                             156C     156C       CA     2AD8       0
                text12                             10D9     10D9       1B     21B2       0
                text11                             10B7     10B7        A     216E       0
                text10                              801      801        B     1002       0
                text9                              10AA     10AA        5     2154       0
                text8                              11FF     11FF       65     23FE       0
                text7                              1264     1264       6E     24C8       0
                text6                              1348     1348       A4     2690       0
                text5                               55D      55D      250        8       0
                text4                              112F     112F       24     225E       0
                text3                              12D2     12D2       76     25A4       0
                text2                               B7A      B7A      486     16F4       0
                text1                              10C1     10C1       18     2182       0
                maintext                             41       41      51C        8       0
                cstackBANK0                          20       20       50       20       1
                cstackCOMMON                         70       70        8       70       1
                cstackBANK1                          A0       A0       4B       A0       1
                cstackBANK3                         1CD      1CD       12      190       1
                clrtext                            10AF     10AF        8     215E       0
                inittext                            7ED      7ED       13        8       0
                dataBANK2                           110      110       2C      110       1
                dataBANK3                           1B1      1B1       1C      190       1
                bssBANK3                            190      190       21      190       1
                bssBANK1                             EB       EB        3       A0       1
                bssCOMMON                            78       78        6       70       1
                idataBANK3                         10F4     10F4       1C     21E8       0
                idataBANK2                          80C      80C       2C     1018       0

TOTAL           Name                               Link     Load   Length     Space
        CLASS   CODE           
                end_init                              C        C        3         0
                cinit                                 F        F       32         0
                intentry                              4        4        8         0
                reset_vec                             0        0        3         0
                text22                              7AD      7AD       40         0
                text21                             11A4     11A4       5B         0
                text20                             1110     1110       1F         0
                text19                             1636     1636      1CA         0
                text18                             117B     117B       29         0
                text17                              838      838      342         0
                text16                             13EC     13EC       B6         0
                text15                             1153     1153       28         0
                text14                             14A2     14A2       CA         0
                text13                             156C     156C       CA         0
                text12                             10D9     10D9       1B         0
                text11                             10B7     10B7        A         0
                text10                              801      801        B         0
                text9                              10AA     10AA        5         0
                text8                              11FF     11FF       65         0
                text7                              1264     1264       6E         0
                text6                              1348     1348       A4         0
                text5                               55D      55D      250         0
                text4                              112F     112F       24         0
                text3                              12D2     12D2       76         0
                text2                               B7A      B7A      486         0
                text1                              10C1     10C1       18         0
                maintext                             41       41      51C         0
                clrtext                            10AF     10AF        8         0
                inittext                            7ED      7ED       13         0
                idataBANK3                         10F4     10F4       1C         0
                idataBANK2                          80C      80C       2C         0

        CLASS   STRCODE        

        CLASS   STRING         

        CLASS   CONST          

        CLASS   ENTRY          

        CLASS   COMMON         
                cstackCOMMON                         70       70        8         1
                bssCOMMON                            78       78        6         1

        CLASS   BANK0          
                cstackBANK0                          20       20       50         1

        CLASS   BANK1          
                cstackBANK1                          A0       A0       4B         1
                bssBANK1                             EB       EB        3         1

        CLASS   BANK2          
                dataBANK2                           110      110       2C         1

        CLASS   BANK3          
                cstackBANK3                         1CD      1CD       12         1
                dataBANK3                           1B1      1B1       1C         1
                bssBANK3                            190      190       21         1

        CLASS   RAM            

        CLASS   ABS1           
                abs_s1                               7E       7E        2         1

        CLASS   SFR0           

        CLASS   SFR1           

        CLASS   SFR2           

        CLASS   SFR3           

        CLASS   CONFIG         
                config                             2007     2007        2         4

        CLASS   IDLOC          

        CLASS   EEDATA         

        CLASS   HEAP           

        CLASS   STACK          



SEGMENTS        Name                           Load    Length   Top    Selector   Space  Class     Delta

                reset_vec                      000000  000003  000003         0       0  CODE        2
                intentry                       000004  0007FC  000800         8       0  CODE        2
                cstackBANK0                    000020  000050  000070        20       1  BANK0       1
                cstackCOMMON                   000070  00000E  00007E        70       1  COMMON      1
                cstackBANK1                    0000A0  00004E  0000EE        A0       1  BANK1       1
                dataBANK2                      000110  00002C  00013C       110       1  BANK2       1
                bssBANK3                       000190  00004F  0001DF       190       1  BANK3       1
                text10                         000801  00000B  00080C      1002       0  CODE        2
                idataBANK2                     00080C  00002C  000838      1018       0  CODE        2
                text17                         000838  000342  000B7A      1070       0  CODE        2
                text2                          000B7A  000486  001000      16F4       0  CODE        2
                text9                          0010AA  000005  0010AF      2154       0  CODE        2
                clrtext                        0010AF  000008  0010B7      215E       0  CODE        2
                text11                         0010B7  00000A  0010C1      216E       0  CODE        2
                text1                          0010C1  000018  0010D9      2182       0  CODE        2
                text12                         0010D9  00001B  0010F4      21B2       0  CODE        2
                idataBANK3                     0010F4  00001C  001110      21E8       0  CODE        2
                text20                         001110  00001F  00112F      2220       0  CODE        2
                text4                          00112F  000024  001153      225E       0  CODE        2
                text15                         001153  000028  00117B      22A6       0  CODE        2
                text18                         00117B  000029  0011A4      22F6       0  CODE        2
                text21                         0011A4  00005B  0011FF      2348       0  CODE        2
                text8                          0011FF  000065  001264      23FE       0  CODE        2
                text7                          001264  00006E  0012D2      24C8       0  CODE        2
                text3                          0012D2  000076  001348      25A4       0  CODE        2
                text6                          001348  0000A4  0013EC      2690       0  CODE        2
                text16                         0013EC  0000B6  0014A2      27D8       0  CODE        2
                text14                         0014A2  0000CA  00156C      2944       0  CODE        2
                text13                         00156C  0000CA  001636      2AD8       0  CODE        2
                text19                         001636  0001CA  001800      2C6C       0  CODE        2


UNUSED ADDRESS RANGES

        Name                Unused          Largest block    Delta
        BANK1            00EE-00EF              2           1
        BANK2            013C-016F             34           1
        BANK3            01DF-01EF             11           1
        CODE             0003-0003              1           2
                         0800-0800              1
                         1000-10A9             AA
                         1800-1FFF            800
        CONST            0003-0003              1           2
                         0800-0800              1
                         1000-10A9             AA
                         1800-1FFF            100
        EEDATA           2100-21FF            100           2
        ENTRY            0003-0003              1           2
                         0800-0800              1
                         1000-10A9             AA
                         1800-1FFF            100
        IDLOC            2000-2003              4           2
        RAM              00EE-00EF              2           1
                         013C-016F             34
                         01DF-01EF             11
        SFR0             0000-001F             20           1
        SFR1             0080-009F             20           1
        SFR2             0100-010F             10           1
        SFR3             0180-018F             10           1
        STRCODE          0003-0003              1           2
                         0800-0800              1
                         1000-10A9             AA
                         1800-1FFF            800
        STRING           0003-0003              1           2
                         0800-0800              1
                         1000-10A9             AA
                         1800-1FFF            100

                                  Symbol Table

?__Umul8_16              cstackBANK0  0020
?___awdiv                cstackBANK0  003E
?___awmod                cstackBANK1  00A0
?___fladd                cstackBANK0  0020
?___fldiv                cstackBANK1  00A0
?___flmul                cstackBANK0  0054
?___flsub                cstackBANK0  004C
?___fltol                cstackBANK0  0034
?___xxtofl               cstackBANK0  003E
?_getAmps                cstackBANK1  00BA
?_getVoltage             cstackBANK1  00BA
?_readAdc                cstackBANK0  0020
ISR@s1                   bssBANK3     01A6
ISR@s2                   bssBANK3     01A5
ISR@s3                   bssBANK3     01A4
ISR@s4                   bssBANK3     01A3
_ADCON0                  (abs)        001F
_ADCON0bits              (abs)        001F
_ADCON1bits              (abs)        009F
_ADC_Init                text20       1110
_ADON                    (abs)        00F8
_ADRESH                  (abs)        001E
_ADRESL                  (abs)        009E
_ANSEL                   (abs)        0188
_ANSELH                  (abs)        0189
_GIE                     (abs)        005F
_GO_nDONE                (abs)        00F9
_INTCONbits              (abs)        000B
_ISR                     text21       11A4
_OPTION_REG              (abs)        0081
_PEIE                    (abs)        005E
_PORTB                   (abs)        0006
_RA4                     (abs)        002C
_RA5                     (abs)        002D
_RA6                     (abs)        002E
_RA7                     (abs)        002F
_RC0                     (abs)        0038
_RC1                     (abs)        0039
_RC2                     (abs)        003A
_RC3                     (abs)        003B
_RC4                     (abs)        003C
_RC5                     (abs)        003D
_RC6                     (abs)        003E
_RC7                     (abs)        003F
_SS1_BCD                 dataBANK3    01B1
_SS2_BCD                 dataBANK2    0128
_T1CON                   (abs)        0010
_TMR0                    (abs)        0001
_TMR0IF                  (abs)        005A
_TMR1H                   (abs)        000F
_TMR1IE                  (abs)        0460
_TMR1IF                  (abs)        0060
_TMR1L                   (abs)        000E
_TRISAbits               (abs)        0085
_TRISB                   (abs)        0086
_TRISCbits               (abs)        0087
__H__absolute__          __absolute__ 0000
__Habs1                  abs1         0000
__Hbank0                 bank0        0000
__Hbank1                 bank1        0000
__Hbank2                 bank2        0000
__Hbank3                 bank3        0000
__HbssBANK1              bssBANK1     0000
__HbssBANK3              bssBANK3     0000
__HbssCOMMON             bssCOMMON    0000
__Hcinit                 cinit        0041
__Hclrtext               clrtext      0000
__Hcode                  code         0000
__Hcommon                common       0000
__Hconfig                config       2009
__HcstackBANK0           cstackBANK0  0000
__HcstackBANK1           cstackBANK1  0000
__HcstackBANK3           cstackBANK3  0000
__HcstackCOMMON          cstackCOMMON 0000
__HdataBANK2             dataBANK2    0000
__HdataBANK3             dataBANK3    0000
__Heeprom_data           eeprom_data  0000
__Hend_init              end_init     000F
__Hfunctab               functab      0000
__Hheap                  heap         0000
__HidataBANK2            idataBANK2   0000
__HidataBANK3            idataBANK3   0000
__Hinit                  init         000C
__Hinittext              inittext     0000
__Hintentry              intentry     000C
__Hmaintext              maintext     0000
__Hpowerup               powerup      0000
__Hram                   ram          0000
__Hreset_vec             reset_vec    0003
__Hsfr0                  sfr0         0000
__Hsfr1                  sfr1         0000
__Hsfr2                  sfr2         0000
__Hsfr3                  sfr3         0000
__Hsivt                  sivt         000C
__Hspace_0               (abs)        1800
__Hspace_1               (abs)        01DF
__Hspace_2               (abs)        0000
__Hspace_3               (abs)        0000
__Hspace_4               (abs)        4010
__Hstack                 stack        0000
__Hstrings               strings      0000
__Htext                  text         0000
__L__absolute__          __absolute__ 0000
__Labs1                  abs1         0000
__Lbank0                 bank0        0000
__Lbank1                 bank1        0000
__Lbank2                 bank2        0000
__Lbank3                 bank3        0000
__LbssBANK1              bssBANK1     0000
__LbssBANK3              bssBANK3     0000
__LbssCOMMON             bssCOMMON    0000
__Lcinit                 cinit        000F
__Lclrtext               clrtext      0000
__Lcode                  code         0000
__Lcommon                common       0000
__Lconfig                config       0000
__LcstackBANK0           cstackBANK0  0000
__LcstackBANK1           cstackBANK1  0000
__LcstackBANK3           cstackBANK3  0000
__LcstackCOMMON          cstackCOMMON 0000
__LdataBANK2             dataBANK2    0000
__LdataBANK3             dataBANK3    0000
__Leeprom_data           eeprom_data  0000
__Lend_init              end_init     000C
__Lfunctab               functab      0000
__Lheap                  heap         0000
__LidataBANK2            idataBANK2   0000
__LidataBANK3            idataBANK3   0000
__Linit                  init         000C
__Linittext              inittext     0000
__Lintentry              intentry     0004
__Lmaintext              maintext     0000
__Lpowerup               powerup      0000
__Lram                   ram          0000
__Lreset_vec             reset_vec    0000
__Lsfr0                  sfr0         0000
__Lsfr1                  sfr1         0000
__Lsfr2                  sfr2         0000
__Lsfr3                  sfr3         0000
__Lsivt                  sivt         000C
__Lspace_0               (abs)        0000
__Lspace_1               (abs)        0000
__Lspace_2               (abs)        0000
__Lspace_3               (abs)        0000
__Lspace_4               (abs)        0000
__Lstack                 stack        0000
__Lstrings               strings      0000
__Ltext                  text         0000
__S0                     (abs)        1800
__S1                     (abs)        01DF
__S3                     (abs)        0000
__Umul8_16               text18       117B
__Umul8_16@multiplicand  cstackBANK0  0020
__Umul8_16@multiplier    cstackBANK0  0028
__Umul8_16@product       cstackBANK0  0024
__Umul8_16@word_mpld     cstackBANK0  0026
___awdiv                 text8        11FF
___awdiv@counter         cstackBANK0  0042
___awdiv@dividend        cstackBANK0  0040
___awdiv@divisor         cstackBANK0  003E
___awdiv@quotient        cstackBANK0  0044
___awdiv@sign            cstackBANK0  0043
___awmod                 text7        1264
___awmod@counter         cstackBANK0  006E
___awmod@dividend        cstackBANK1  00A2
___awmod@divisor         cstackBANK1  00A0
___awmod@sign            cstackBANK0  006F
___fladd                 text5        055D
___fladd@a               cstackBANK0  0024
___fladd@aexp            cstackBANK0  0031
___fladd@b               cstackBANK0  0020
___fladd@bexp            cstackBANK0  0032
___fladd@grs             cstackBANK0  0033
___fladd@signs           cstackBANK0  0030
___fldiv                 text19       1636
___fldiv@a               cstackBANK1  00A0
___fldiv@aexp            cstackBANK1  00B9
___fldiv@b               cstackBANK1  00A4
___fldiv@bexp            cstackBANK1  00B8
___fldiv@grs             cstackBANK1  00B4
___fldiv@new_exp         cstackBANK1  00B2
___fldiv@rem             cstackBANK1  00AD
___fldiv@sign            cstackBANK1  00B1
___flge                  text6        1348
___flge@ff1              cstackBANK1  00CB
___flge@ff2              cstackBANK1  00CF
___flmul                 text17       0838
___flmul@a               cstackBANK0  0058
___flmul@aexp            cstackBANK0  0066
___flmul@b               cstackBANK0  0054
___flmul@bexp            cstackBANK0  0067
___flmul@grs             cstackBANK0  0062
___flmul@prod            cstackBANK0  0068
___flmul@sign            cstackBANK0  0061
___flmul@temp            cstackBANK0  006C
___flsub                 text4        112F
___flsub@a               cstackBANK0  004C
___flsub@b               cstackBANK0  0050
___fltol                 text3        12D2
___fltol@exp1            cstackBANK0  003D
___fltol@f1              cstackBANK0  0034
___fltol@sign1           cstackBANK0  003C
___heap_hi               (abs)        0000
___heap_lo               (abs)        0000
___int_sp                stack        0000
___int_stack_hi          stack        0000
___int_stack_lo          stack        0000
___latbits               (abs)        0002
___sp                    stack        0000
___stack_hi              stack        0000
___stack_lo              stack        0000
___stackhi               (abs)        0000
___stacklo               (abs)        0000
___xxtofl                text16       13EC
___xxtofl@arg            cstackBANK0  0048
___xxtofl@exp            cstackBANK0  0047
___xxtofl@sign           cstackBANK0  0046
___xxtofl@val            cstackBANK0  003E
__end_of_ADC_Init        text20       112F
__end_of_ISR             text21       11FF
__end_of__Umul8_16       text18       11A4
__end_of___awdiv         text8        1264
__end_of___awmod         text7        12D2
__end_of___fladd         text5        07AD
__end_of___fldiv         text19       1800
__end_of___flge          text6        13EC
__end_of___flmul         text17       0B7A
__end_of___flsub         text4        1153
__end_of___fltol         text3        1348
__end_of___xxtofl        text16       14A2
__end_of__initialization cinit        003D
__end_of_custom_display  text22       07ED
__end_of_getAmps         text14       156C
__end_of_getVoltage      text13       1636
__end_of_gpio_conf       text12       10F4
__end_of_main            maintext     055D
__end_of_motor_forward   text11       10C1
__end_of_motor_reverse   text10       080C
__end_of_motor_stop      text9        10AF
__end_of_readAdc         text15       117B
__end_of_splitFloat      text2        1000
__end_of_timer_conf      text1        10D9
__initialization         cinit        000F
__pbssBANK1              bssBANK1     00EB
__pbssBANK3              bssBANK3     0190
__pbssCOMMON             bssCOMMON    0078
__pcstackBANK0           cstackBANK0  0020
__pcstackBANK1           cstackBANK1  00A0
__pcstackBANK3           cstackBANK3  01CD
__pcstackCOMMON          cstackCOMMON 0070
__pdataBANK2             dataBANK2    0110
__pdataBANK3             dataBANK3    01B1
__pidataBANK2            idataBANK2   080C
__pidataBANK3            idataBANK3   10F4
__pintentry              intentry     0004
__pmaintext              maintext     0041
__ptext1                 text1        10C1
__ptext10                text10       0801
__ptext11                text11       10B7
__ptext12                text12       10D9
__ptext13                text13       156C
__ptext14                text14       14A2
__ptext15                text15       1153
__ptext16                text16       13EC
__ptext17                text17       0838
__ptext18                text18       117B
__ptext19                text19       1636
__ptext2                 text2        0B7A
__ptext20                text20       1110
__ptext21                text21       11A4
__ptext22                text22       07AD
__ptext3                 text3        12D2
__ptext4                 text4        112F
__ptext5                 text5        055D
__ptext6                 text6        1348
__ptext7                 text7        1264
__ptext8                 text8        11FF
__ptext9                 text9        10AA
_counter_pwm             bssCOMMON    0078
_current_limit           bssBANK3     019C
_custom_display          text22       07AD
_direction               bssBANK1     00EB
_duty                    dataBANK3    01C9
_getAmps                 text14       14A2
_getVoltage              text13       156C
_gpio_conf               text12       10D9
_last_down               bssBANK3     01AB
_last_up                 bssCOMMON    007B
_limit_mode              bssBANK3     01A8
_limit_step              bssBANK3     01A7
_main                    maintext     0041
_mode                    bssBANK1     00ED
_modes                   dataBANK2    0110
_motor_forward           text11       10B7
_motor_reverse           text10       0801
_motor_stop              text9        10AA
_outputOk                bssBANK3     01A9
_readAdc                 text15       1153
_ref_vol                 bssBANK3     0190
_selected_index          bssCOMMON    007D
_selected_voltage        dataBANK3    01C5
_splitFloat              text2        0B7A
_splitFloat$959          cstackBANK3  01DB
_stage                   bssCOMMON    007C
_tar_vol                 bssBANK3     0194
_timer_conf              text1        10C1
_ts1                     bssBANK3     01B0
_ts2                     bssBANK3     01AF
_ts3                     bssBANK3     01AE
_ts4                     bssBANK3     01AD
_v_index                 bssBANK1     00EC
_voltage2                bssBANK3     0198
btemp                    (abs)        007E
btemp0                   (abs)        007E
btemp1                   (abs)        007F
clear_ram0               clrtext      10AF
custom_display@four      cstackCOMMON 0072
custom_display@one       cstackCOMMON 0075
custom_display@three     cstackCOMMON 0071
custom_display@two       cstackCOMMON 0070
end_of_initialization    cinit        003D
getAmps@adc              cstackBANK1  00C2
getAmps@ch               cstackBANK1  00C4
getAmps@i                cstackBANK1  00C9
getAmps@sum              cstackBANK1  00C5
getVoltage@adc           cstackBANK1  00C2
getVoltage@ch            cstackBANK1  00C4
getVoltage@i             cstackBANK1  00C9
getVoltage@sum           cstackBANK1  00C5
init_fetch0              inittext     07ED
init_ram0                inittext     07F1
interrupt_function       intentry     0004
intlevel0                functab      0000
intlevel1                functab      0000
intlevel2                functab      0000
intlevel3                functab      0000
intlevel4                functab      0000
intlevel5                functab      0000
ltemp0a                  (abs)        0080
main@error               cstackBANK1  00E6
main@limit_active        cstackBANK1  00E5
main@prev_limit          dataBANK3    01CB
main@relay_state         bssBANK3     01A1
main@set_state           bssBANK3     01A2
main@startup_mode        cstackBANK1  00E4
main@stopped             bssBANK3     01A0
main@system_done         cstackBANK1  00EA
main@toggle              bssCOMMON    007A
readAdc@ch               cstackBANK0  0023
reset_vec                reset_vec    0000
saved_w                  (abs)        007E
splitFloat@d_1           cstackBANK1  00DE
splitFloat@d_10          cstackBANK1  00DD
splitFloat@d_100         cstackBANK1  00DC
splitFloat@d_1000        cstackBANK1  00DB
splitFloat@mv_hun        cstackBANK3  01CF
splitFloat@mv_hun_296    cstackBANK3  01D7
splitFloat@mv_ten        cstackBANK3  01D1
splitFloat@mv_ten_297    cstackBANK3  01D9
splitFloat@v_one         cstackBANK3  01CD
splitFloat@v_one_295     cstackBANK3  01D5
splitFloat@v_ten         cstackBANK3  01D3
splitFloat@val           cstackBANK1  00D7
start                    init         000C
start_initialization     cinit        000F
ttemp0a                  (abs)        007F
wtemp0                   (abs)        007E
wtemp0a                  (abs)        007F


MODULE INFORMATION

Module		Function		Class		Link	Load	Size
C:\Program Files\Microchip\xc8\v3.10\pic\sources\c99\common\flge.c
		___flge        		CODE           	1348	0000	164

C:\Program Files\Microchip\xc8\v3.10\pic\sources\c99\common\flge.c estimated size: 164

C:\Program Files\Microchip\xc8\v3.10\pic\sources\c99\common\awmod.c
		___awmod       		CODE           	1264	0000	110

C:\Program Files\Microchip\xc8\v3.10\pic\sources\c99\common\awmod.c estimated size: 110

C:\Program Files\Microchip\xc8\v3.10\pic\sources\c99\common\awdiv.c
		___awdiv       		CODE           	11FF	0000	101

C:\Program Files\Microchip\xc8\v3.10\pic\sources\c99\common\awdiv.c estimated size: 101

C:\Program Files\Microchip\xc8\v3.10\pic\sources\c99\common\fltol.c
		___fltol       		CODE           	12D2	0000	118

C:\Program Files\Microchip\xc8\v3.10\pic\sources\c99\common\fltol.c estimated size: 118

C:\Program Files\Microchip\xc8\v3.10\pic\sources\c99\common\sprcmul.c
		___flmul       		CODE           	0838	0000	834

C:\Program Files\Microchip\xc8\v3.10\pic\sources\c99\common\sprcmul.c estimated size: 834

C:\Program Files\Microchip\xc8\v3.10\pic\sources\c99\common\Umul8_16.c
		__Umul8_16     		CODE           	117B	0000	41

C:\Program Files\Microchip\xc8\v3.10\pic\sources\c99\common\Umul8_16.c estimated size: 41

C:\Program Files\Microchip\xc8\v3.10\pic\sources\c99\common\xxtofl.c
		___xxtofl      		CODE           	13EC	0000	182

C:\Program Files\Microchip\xc8\v3.10\pic\sources\c99\common\xxtofl.c estimated size: 182

C:\Program Files\Microchip\xc8\v3.10\pic\sources\c99\common\sprcdiv.c
		___fldiv       		CODE           	1636	0000	458

C:\Program Files\Microchip\xc8\v3.10\pic\sources\c99\common\sprcdiv.c estimated size: 458

shared
		__initialization		CODE           	000F	0000	46

shared estimated size: 46

main.c
		_motor_reverse 		CODE           	0801	0000	11
		_ISR           		CODE           	11A4	0000	91
		_main          		CODE           	0041	0000	1308
		_getAmps       		CODE           	14A2	0000	202
		_timer_conf    		CODE           	10C1	0000	24
		_gpio_conf     		CODE           	10D9	0000	27
		_motor_stop    		CODE           	10AA	0000	5
		_splitFloat    		CODE           	0B7A	0000	1158
		_motor_forward 		CODE           	10B7	0000	10
		_getVoltage    		CODE           	156C	0000	202
		_custom_display		CODE           	07AD	0000	64
		_ADC_Init      		CODE           	1110	0000	31
		_readAdc       		CODE           	1153	0000	40

main.c estimated size: 3173

C:\Program Files\Microchip\xc8\v3.10\pic\sources\c99\common\sprcadd.c
		___flsub       		CODE           	112F	0000	36
		___fladd       		CODE           	055D	0000	592

C:\Program Files\Microchip\xc8\v3.10\pic\sources\c99\common\sprcadd.c estimated size: 628

